// Jest Snapshot v1, https://goo.gl/fbAQLP

exports[`Snapshots/Components/Button Render button 1`] = `
.emotion-0 {
  transition-property: background-color,border-color,color,fill,stroke,opacity,box-shadow,transform,filter,backdrop-filter;
  transition-timing-function: cubic-bezier(0.4, 0, 0.2, 1);
  transition-duration: 150ms;
  position: relative;
  border-width: 1px;
  -webkit-align-items: center;
  -webkit-box-align: center;
  -ms-flex-align: center;
  align-items: center;
  display: -webkit-box;
  display: -webkit-flex;
  display: -ms-flexbox;
  display: flex;
  font-weight: 500;
  border-radius: 5px;
  -webkit-box-pack: center;
  -ms-flex-pack: center;
  -webkit-justify-content: center;
  justify-content: center;
  max-width: 100%;
  cursor: pointer;
  border-color: rgba(0, 0, 0, 0);
  --tw-text-opacity: 1;
  color: rgba(255, 255, 255, var(--tw-text-opacity));
  --tw-bg-opacity: 1;
  background-color: rgba(0, 0, 0, var(--tw-bg-opacity));
  padding-left: 1.5rem;
  padding-right: 1.5rem;
  height: 2.25rem;
  line-height: 1.25rem;
  font-size: 0.875rem;
}

.emotion-0:focus {
  outline: 2px solid transparent;
  outline-offset: 2px;
  --tw-ring-offset-shadow: var(--tw-ring-inset) 0 0 0 var(--tw-ring-offset-width) var(--tw-ring-offset-color);
  --tw-ring-shadow: var(--tw-ring-inset) 0 0 0 calc(3px + var(--tw-ring-offset-width)) var(--tw-ring-color);
  box-shadow: var(--tw-ring-offset-shadow),var(--tw-ring-shadow),var(--tw-shadow, 0 0 #0000);
}

.emotion-0:hover {
  --tw-shadow: 0 1px 3px 0 rgba(0, 0, 0, 0.1),0 1px 2px 0 rgba(0, 0, 0, 0.06);
  box-shadow: var(--tw-ring-offset-shadow, 0 0 #0000),var(--tw-ring-shadow, 0 0 #0000),var(--tw-shadow);
}

.emotion-0:hover,
.emotion-0:focus {
  --tw-bg-opacity: 1;
  background-color: rgba(17, 17, 17, var(--tw-bg-opacity));
  opacity: 0.95;
}

.emotion-1 {
  display: -webkit-box;
  display: -webkit-flex;
  display: -ms-flexbox;
  display: flex;
  -webkit-align-items: center;
  -webkit-box-align: center;
  -ms-flex-align: center;
  align-items: center;
  -webkit-box-pack: center;
  -ms-flex-pack: center;
  -webkit-justify-content: center;
  justify-content: center;
  opacity: 1;
}

.emotion-2 {
  overflow: hidden;
  text-overflow: ellipsis;
  white-space: nowrap;
}

<button
  className="emotion-0"
  disabled={false}
  type="button"
>
  <div
    className="emotion-1"
  >
    <span
      className="emotion-2"
    />
  </div>
</button>
`;
