// Jest Snapshot v1, https://goo.gl/fbAQLP

exports[`Snapshots/Components/Button Render button 1`] = `
<button
  className="Button items-center border font-medium rounded-lg focus:outline-none transition ease-in-out duration-150 justify-center border-transparent text-white bg-indigo-600 hover:bg-indigo-700 active:bg-indigo-700 focus:shadow-outline-indigo px-5 h-9 leading-9 inline-flex text-sm"
  type="button"
>
  <span />
</button>
`;
